// Jest Snapshot v1, https://goo.gl/fbAQLP

exports[`CalendarDropdDown renders correctly 1`] = `ShallowWrapper {}`;
