// Jest Snapshot v1, https://goo.gl/fbAQLP

exports[`Work Item  render Correctly 1`] = `ShallowWrapper {}`;
