// Jest Snapshot v1, https://goo.gl/fbAQLP

exports[`Work Group Component renders correctly 1`] = `ShallowWrapper {}`;
